TAP version 13
# [OFICHAOS] Servidor corriendo en http://localhost:3458
# [+] xgg0YsuKTmzT-gjeAAAB conectado
# [ROOM] P1 creó sala KU9L2
# Subtest: TC-T1-01: Room creation code gen
ok 1 - TC-T1-01: Room creation code gen
  ---
  duration_ms: 10.875834
  type: 'test'
  ...
# [-] xgg0YsuKTmzT-gjeAAAB desconectado
# [+] qoQKZqJmzGa6mUIrAAAD conectado
# [ROOM] VeryLongName creó sala EBQ3S
# [+] SW2k0lrr07COCyvNAAAF conectado
# [ROOM] Jugador se unió a sala EBQ3S
# Subtest: TC-T1-02: Name sanitization
ok 2 - TC-T1-02: Name sanitization
  ---
  duration_ms: 3.854833
  type: 'test'
  ...
# [-] qoQKZqJmzGa6mUIrAAAD desconectado
# [-] SW2k0lrr07COCyvNAAAF desconectado
# [+] Oz1ZoczGXJHsV-JbAAAH conectado
# [ROOM] P1 creó sala 8JGK8
# [+] LWd6eiafnggaWkmbAAAJ conectado
# [ROOM] P2 se unió a sala 8JGK8
# Subtest: TC-T1-03: Room joining success
ok 3 - TC-T1-03: Room joining success
  ---
  duration_ms: 4.9045
  type: 'test'
  ...
# [-] Oz1ZoczGXJHsV-JbAAAH desconectado
# [-] LWd6eiafnggaWkmbAAAJ desconectado
# [+] tiob6pq5hpE4ESqdAAAL conectado
# [ROOM] Host creó sala HFXCW
# [+] 3JP5VT17W6UJrTp2AAAN conectado
# [ROOM] P_1 se unió a sala HFXCW
# [+] dfl-L7TsoMBMegjvAAAP conectado
# [ROOM] P_2 se unió a sala HFXCW
# [+] 0hZirzq4L47k-txVAAAR conectado
# [ROOM] P_3 se unió a sala HFXCW
# [+] xBoibQhBefzE22ZLAAAT conectado
# [ROOM] P_4 se unió a sala HFXCW
# [+] xtOQZMVUj_1risM5AAAV conectado
# [ROOM] P_5 se unió a sala HFXCW
# [+] nksRpfSi8ONZIpOFAAAX conectado
# [ROOM] P_6 se unió a sala HFXCW
# [+] 42VcGbVRbtmCv4JVAAAZ conectado
# [ROOM] P_7 se unió a sala HFXCW
# [+] CkLAWqQd2QwzjVo4AAAb conectado
# [ROOM] P_8 se unió a sala HFXCW
# [+] BjVGNkvLyrBiruPRAAAd conectado
# [ROOM] P_9 se unió a sala HFXCW
# [+] x87_Ao-mQcgzKxJpAAAf conectado
# [ROOM] P_10 se unió a sala HFXCW
# [+] 2qNmAm3N2_J2GsXkAAAh conectado
# [ROOM] P_11 se unió a sala HFXCW
# [+] kHrXJjesnmsZoGRlAAAj conectado
# Subtest: TC-T1-04: Room joining limit
ok 4 - TC-T1-04: Room joining limit
  ---
  duration_ms: 11.32625
  type: 'test'
  ...
# [-] tiob6pq5hpE4ESqdAAAL desconectado
# [-] 3JP5VT17W6UJrTp2AAAN desconectado
# [-] dfl-L7TsoMBMegjvAAAP desconectado
# [-] 0hZirzq4L47k-txVAAAR desconectado
# [-] xBoibQhBefzE22ZLAAAT desconectado
# [-] xtOQZMVUj_1risM5AAAV desconectado
# [-] nksRpfSi8ONZIpOFAAAX desconectado
# [-] 42VcGbVRbtmCv4JVAAAZ desconectado
# [-] CkLAWqQd2QwzjVo4AAAb desconectado
# [-] BjVGNkvLyrBiruPRAAAd desconectado
# [-] x87_Ao-mQcgzKxJpAAAf desconectado
# [-] 2qNmAm3N2_J2GsXkAAAh desconectado
# [-] kHrXJjesnmsZoGRlAAAj desconectado
# [+] GbblP6yDKVVJl0HNAAAl conectado
# [ROOM] P1 creó sala 7EKBX
# [+] 4WbexJCHmxDRs_LAAAAn conectado
# [ROOM] P2 se unió a sala 7EKBX
# [-] GbblP6yDKVVJl0HNAAAl desconectado
# Subtest: TC-T1-05: Host migration
ok 5 - TC-T1-05: Host migration
  ---
  duration_ms: 4.186542
  type: 'test'
  ...
# [-] 4WbexJCHmxDRs_LAAAAn desconectado
# [+] _j8GtpQo82faSFbAAAAp conectado
# [+] qlrCgh87peViNRmjAAAr conectado
# [+] QWZaFcEzlEnjg7PDAAAt conectado
# [+] hKn5WXjsQ4bAxpmdAAAv conectado
# [ROOM] Host_4 creó sala H579U
# [ROOM] Player_1 se unió a sala H579U
# [ROOM] Player_2 se unió a sala H579U
# [ROOM] Player_3 se unió a sala H579U
# [GAME] Partida iniciada en sala H579U
# Subtest: TC-T1-06: Movement broadcast
ok 6 - TC-T1-06: Movement broadcast
  ---
  duration_ms: 3.069708
  type: 'test'
  ...
# [-] _j8GtpQo82faSFbAAAAp desconectado
# [-] qlrCgh87peViNRmjAAAr desconectado
# [-] QWZaFcEzlEnjg7PDAAAt desconectado
# [-] hKn5WXjsQ4bAxpmdAAAv desconectado
# [+] pP4zJxGC12GfTpK5AAAx conectado
# [+] taBuqMgzm2ggK1cTAAAz conectado
# [+] nBsedhnPXTzi4YK6AAA1 conectado
# [+] pd4fMhR4ewglwDfqAAA3 conectado
# [ROOM] Host_4 creó sala 92HMX
# [ROOM] Player_1 se unió a sala 92HMX
# [ROOM] Player_2 se unió a sala 92HMX
# [ROOM] Player_3 se unió a sala 92HMX
# [GAME] Partida iniciada en sala 92HMX
# Subtest: TC-T1-07: Move block in meeting
ok 7 - TC-T1-07: Move block in meeting
  ---
  duration_ms: 106.559708
  type: 'test'
  ...
# [-] pP4zJxGC12GfTpK5AAAx desconectado
# [-] taBuqMgzm2ggK1cTAAAz desconectado
# [-] nBsedhnPXTzi4YK6AAA1 desconectado
# [-] pd4fMhR4ewglwDfqAAA3 desconectado
# [+] 2qjTY_oErh2MFISjAAA5 conectado
# [+] j9uBW-SCFDrpDnktAAA7 conectado
# [+] 91vZ0VCaZ5_EhG9yAAA9 conectado
# [+] k8V2UI62xzOz8D2EAAA_ conectado
# [ROOM] Host_4 creó sala TGE4P
# [ROOM] Player_1 se unió a sala TGE4P
# [ROOM] Player_2 se unió a sala TGE4P
# [ROOM] Player_3 se unió a sala TGE4P
# [GAME] Partida iniciada en sala TGE4P
# Subtest: TC-T1-08: Move block in voting
ok 8 - TC-T1-08: Move block in voting
  ---
  duration_ms: 108.327166
  type: 'test'
  ...
# Subtest: TC-T1-09: Coordinate boundary clamping
ok 9 - TC-T1-09: Coordinate boundary clamping
  ---
  duration_ms: 0.472958
  type: 'test'
  ...
# [-] 2qjTY_oErh2MFISjAAA5 desconectado
# [-] j9uBW-SCFDrpDnktAAA7 desconectado
# [-] 91vZ0VCaZ5_EhG9yAAA9 desconectado
# [-] k8V2UI62xzOz8D2EAAA_ desconectado
# [+] bx5zeCHPK01s2C1xAABB conectado
# [+] i8PwG_ZcJtgn6ezsAABD conectado
# [+] nzpxcfEtL_Bxrf6BAABF conectado
# [+] tBqUqdZO-y6FvsHAAABH conectado
# [ROOM] Host_4 creó sala J855H
# [ROOM] Player_1 se unió a sala J855H
# [ROOM] Player_2 se unió a sala J855H
# [ROOM] Player_3 se unió a sala J855H
# [GAME] Partida iniciada en sala J855H
# Subtest: TC-T1-10: Tasks initialization
ok 10 - TC-T1-10: Tasks initialization
  ---
  duration_ms: 6.984417
  type: 'test'
  ...
# [-] bx5zeCHPK01s2C1xAABB desconectado
# [-] i8PwG_ZcJtgn6ezsAABD desconectado
# [-] nzpxcfEtL_Bxrf6BAABF desconectado
# [-] tBqUqdZO-y6FvsHAAABH desconectado
# [+] xYcnuEfZSuIr1d-uAABJ conectado
# [+] tNZm0eQnbfGyb3raAABL conectado
# [+] wSpqX8eL-28eFlNFAABN conectado
# [+] zue2lbTk6D5Qqd-SAABP conectado
# [ROOM] Host_4 creó sala R7BKF
# [ROOM] Player_1 se unió a sala R7BKF
# [ROOM] Player_2 se unió a sala R7BKF
# [ROOM] Player_3 se unió a sala R7BKF
# [GAME] Partida iniciada en sala R7BKF
# Subtest: TC-T1-11: Task completion state
ok 11 - TC-T1-11: Task completion state
  ---
  duration_ms: 5.379875
  type: 'test'
  ...
# [-] xYcnuEfZSuIr1d-uAABJ desconectado
# [-] tNZm0eQnbfGyb3raAABL desconectado
# [-] wSpqX8eL-28eFlNFAABN desconectado
# [-] zue2lbTk6D5Qqd-SAABP desconectado
# [+] _w7OSHtKSY0QJuPvAABR conectado
# [+] ewpBErZfrBREjyfBAABT conectado
# [+] o22mB1B8tUq2STRcAABV conectado
# [+] uuQ4o7R0_yShNU6yAABX conectado
# [ROOM] Host_4 creó sala V5N4W
# [ROOM] Player_1 se unió a sala V5N4W
# [ROOM] Player_2 se unió a sala V5N4W
# [ROOM] Player_3 se unió a sala V5N4W
# [GAME] Partida iniciada en sala V5N4W
# Subtest: TC-T1-12: Tasks percent calculation
ok 12 - TC-T1-12: Tasks percent calculation
  ---
  duration_ms: 4.726625
  type: 'test'
  ...
# [-] _w7OSHtKSY0QJuPvAABR desconectado
# [-] ewpBErZfrBREjyfBAABT desconectado
# [-] o22mB1B8tUq2STRcAABV desconectado
# [-] uuQ4o7R0_yShNU6yAABX desconectado
# [+] gcXa4XSpx54fcveRAABZ conectado
# [+] w1a9iusDkTfnhhKPAABb conectado
# [+] JrC7GR2itVoZc9WrAABd conectado
# [+] _apxV5XZQ1Cub9XmAABf conectado
# [ROOM] Host_4 creó sala XZR4X
# [ROOM] Player_1 se unió a sala XZR4X
# [ROOM] Player_2 se unió a sala XZR4X
# [ROOM] Player_3 se unió a sala XZR4X
# [GAME] Partida iniciada en sala XZR4X
# Subtest: TC-T1-13: Task morale gain
ok 13 - TC-T1-13: Task morale gain
  ---
  duration_ms: 4.845833
  type: 'test'
  ...
# [-] gcXa4XSpx54fcveRAABZ desconectado
# [-] w1a9iusDkTfnhhKPAABb desconectado
# [-] JrC7GR2itVoZc9WrAABd desconectado
# [-] _apxV5XZQ1Cub9XmAABf desconectado
# [+] CD9zKlLUs3uGpwvdAABh conectado
# [+] 8XLkTZmvBzfhN_mgAABj conectado
# [+] j3q1e_a8C5H02AlXAABl conectado
# [+] FvOI8goTgzaUfm5jAABn conectado
# [ROOM] Host_4 creó sala JRLAS
# [ROOM] Player_1 se unió a sala JRLAS
# [ROOM] Player_2 se unió a sala JRLAS
# [ROOM] Player_3 se unió a sala JRLAS
# [GAME] Partida iniciada en sala JRLAS
# Subtest: TC-T1-14: Role assignment: 4 players
ok 14 - TC-T1-14: Role assignment: 4 players
  ---
  duration_ms: 3.593958
  type: 'test'
  ...
# [-] CD9zKlLUs3uGpwvdAABh desconectado
# [-] 8XLkTZmvBzfhN_mgAABj desconectado
# [-] j3q1e_a8C5H02AlXAABl desconectado
# [-] FvOI8goTgzaUfm5jAABn desconectado
# [+] p-1ai-s11yCodvKTAABp conectado
# [+] 1pyFdWXz9kraUo5xAABr conectado
# [+] 625pSCGj0jyQ5NxlAABt conectado
# [+] RIzms8fmGhIXocL3AABv conectado
# [+] ZGdFe5Wg6IDSI97UAABx conectado
# [ROOM] Host_5 creó sala KN4G2
# [ROOM] Player_1 se unió a sala KN4G2
# [ROOM] Player_2 se unió a sala KN4G2
# [ROOM] Player_3 se unió a sala KN4G2
# [ROOM] Player_4 se unió a sala KN4G2
# [GAME] Partida iniciada en sala KN4G2
# Subtest: TC-T1-15: Role assignment: 5 players
ok 15 - TC-T1-15: Role assignment: 5 players
  ---
  duration_ms: 3.697667
  type: 'test'
  ...
# [-] p-1ai-s11yCodvKTAABp desconectado
# [-] 1pyFdWXz9kraUo5xAABr desconectado
# [-] 625pSCGj0jyQ5NxlAABt desconectado
# [-] RIzms8fmGhIXocL3AABv desconectado
# [-] ZGdFe5Wg6IDSI97UAABx desconectado
# [+] MAhZWAQtCoobg6mRAABz conectado
# [+] -P2cq0Tc6xPY3DyXAAB1 conectado
# [+] iuW0qyt6f4XXlE_nAAB3 conectado
# [+] 8VVPQTSP84h6MziaAAB5 conectado
# [ROOM] Host_4 creó sala WHK9H
# [ROOM] Player_1 se unió a sala WHK9H
# [ROOM] Player_2 se unió a sala WHK9H
# [ROOM] Player_3 se unió a sala WHK9H
# [GAME] Partida iniciada en sala WHK9H
# Subtest: TC-T1-16: Objectives assignment
ok 16 - TC-T1-16: Objectives assignment
  ---
  duration_ms: 3.717292
  type: 'test'
  ...
# [-] MAhZWAQtCoobg6mRAABz desconectado
# [-] -P2cq0Tc6xPY3DyXAAB1 desconectado
# [-] iuW0qyt6f4XXlE_nAAB3 desconectado
# [-] 8VVPQTSP84h6MziaAAB5 desconectado
# [+] qsLLzMqCIV5Zdh9nAAB7 conectado
# [+] cOJqmcn7nqkQJ7R5AAB9 conectado
# [+] TQeeI5mJFNO_jTSYAAB_ conectado
# [+] HVj68Cgj4i8yeJjZAACB conectado
# [ROOM] Host creó sala 98VCK
# [ROOM] Player_1 se unió a sala 98VCK
# [ROOM] Player_2 se unió a sala 98VCK
# [ROOM] Player_3 se unió a sala 98VCK
# [GAME] Partida iniciada en sala 98VCK
# Subtest: TC-T1-17: Private role emissions
ok 17 - TC-T1-17: Private role emissions
  ---
  duration_ms: 3.25625
  type: 'test'
  ...
# [-] qsLLzMqCIV5Zdh9nAAB7 desconectado
# [-] cOJqmcn7nqkQJ7R5AAB9 desconectado
# [-] TQeeI5mJFNO_jTSYAAB_ desconectado
# [-] HVj68Cgj4i8yeJjZAACB desconectado
# [+] ozW-9xVbvt3TuIdfAACD conectado
# [+] nZ9rdnzPjNOy4B65AACF conectado
# [+] AwSEo74ssVoYE24pAACH conectado
# [+] _0brfcXRnlt1MB9RAACJ conectado
# [ROOM] Host_4 creó sala Z6CVB
# [ROOM] Player_1 se unió a sala Z6CVB
# [ROOM] Player_2 se unió a sala Z6CVB
# [ROOM] Player_3 se unió a sala Z6CVB
# [GAME] Partida iniciada en sala Z6CVB
# Subtest: TC-T1-18: Emergency meeting trigger
ok 18 - TC-T1-18: Emergency meeting trigger
  ---
  duration_ms: 3.348583
  type: 'test'
  ...
# [-] ozW-9xVbvt3TuIdfAACD desconectado
# [-] nZ9rdnzPjNOy4B65AACF desconectado
# [-] AwSEo74ssVoYE24pAACH desconectado
# [-] _0brfcXRnlt1MB9RAACJ desconectado
# [+] h-M8Cjek1wlCkM5LAACL conectado
# [+] qCOoD4lEJsLu-wmUAACN conectado
# [+] _X-2xrPK5LFnE7q8AACP conectado
# [+] 976B5VMCFKZtLDwUAACR conectado
# [ROOM] Host_4 creó sala C35AR
# [ROOM] Player_1 se unió a sala C35AR
# [ROOM] Player_2 se unió a sala C35AR
# [ROOM] Player_3 se unió a sala C35AR
# [GAME] Partida iniciada en sala C35AR
# Subtest: TC-T1-19: Emergency meeting limit
ok 19 - TC-T1-19: Emergency meeting limit
  ---
  duration_ms: 63.462916
  type: 'test'
  ...
# [-] h-M8Cjek1wlCkM5LAACL desconectado
# [-] qCOoD4lEJsLu-wmUAACN desconectado
# [-] _X-2xrPK5LFnE7q8AACP desconectado
# [-] 976B5VMCFKZtLDwUAACR desconectado
# [+] oj-Q4XIIlvobP77yAACT conectado
# [+] ih_gF-qgJwxGPjZeAACV conectado
# [+] 5KXUEjHHB5ZqOduVAACX conectado
# [+] JT-k23eZI_OChTi3AACZ conectado
# [ROOM] Host_4 creó sala 3UR5Q
# [ROOM] Player_1 se unió a sala 3UR5Q
# [ROOM] Player_2 se unió a sala 3UR5Q
# [ROOM] Player_3 se unió a sala 3UR5Q
# [GAME] Partida iniciada en sala 3UR5Q
# Subtest: TC-T1-20: Voting phase transition
ok 20 - TC-T1-20: Voting phase transition
  ---
  duration_ms: 51.503625
  type: 'test'
  ...
# [-] oj-Q4XIIlvobP77yAACT desconectado
# [-] ih_gF-qgJwxGPjZeAACV desconectado
# [-] 5KXUEjHHB5ZqOduVAACX desconectado
# [-] JT-k23eZI_OChTi3AACZ desconectado
# [+] nnuGlLUIRxwwycIkAACb conectado
# [+] yysMAZqnhE-IkeYmAACd conectado
# [+] TH5l-frBWDGvOrNlAACf conectado
# [+] LVw6MoMQv5u46BNdAACh conectado
# [ROOM] Host_4 creó sala CYSSY
# [ROOM] Player_1 se unió a sala CYSSY
# [ROOM] Player_2 se unió a sala CYSSY
# [ROOM] Player_3 se unió a sala CYSSY
# [GAME] Partida iniciada en sala CYSSY
# Subtest: TC-T1-21: Meeting chat relay
ok 21 - TC-T1-21: Meeting chat relay
  ---
  duration_ms: 4.895958
  type: 'test'
  ...
# [-] nnuGlLUIRxwwycIkAACb desconectado
# [-] yysMAZqnhE-IkeYmAACd desconectado
# [-] TH5l-frBWDGvOrNlAACf desconectado
# [-] LVw6MoMQv5u46BNdAACh desconectado
# [+] BTW7q8rcFdsdXj9wAACj conectado
# [+] mhnCti-DxHrwWD24AACl conectado
# [+] sOQD663qkPeA14jYAACn conectado
# [+] T939Sxk6YYP0i4beAACp conectado
# [ROOM] Host_4 creó sala GBSG7
# [ROOM] Player_1 se unió a sala GBSG7
# [ROOM] Player_2 se unió a sala GBSG7
# [ROOM] Player_3 se unió a sala GBSG7
# [GAME] Partida iniciada en sala GBSG7
# [SABOTAGE] Host_4 saboteó zona cocina
# Subtest: TC-T1-22: Sabotage trigger (Zone)
ok 22 - TC-T1-22: Sabotage trigger (Zone)
  ---
  duration_ms: 4.574542
  type: 'test'
  ...
# [-] BTW7q8rcFdsdXj9wAACj desconectado
# [-] mhnCti-DxHrwWD24AACl desconectado
# [-] sOQD663qkPeA14jYAACn desconectado
# [-] T939Sxk6YYP0i4beAACp desconectado
# [+] XpcWXLk5etZc_yizAACr conectado
# [+] dwH5_j8aDSZEMVoDAACt conectado
# [+] lCZ2yomnOYxmbndnAACv conectado
# [+] WTUB4S3uylJfTfEPAACx conectado
# [ROOM] Host_4 creó sala NDU35
# [ROOM] Player_1 se unió a sala NDU35
# [ROOM] Player_2 se unió a sala NDU35
# [ROOM] Player_3 se unió a sala NDU35
# [GAME] Partida iniciada en sala NDU35
# [SABOTAGE] Player_3 saboteó zona cocina
# Subtest: TC-T1-23: Ability cooldown initialization
ok 23 - TC-T1-23: Ability cooldown initialization
  ---
  duration_ms: 4.916459
  type: 'test'
  ...
# [-] XpcWXLk5etZc_yizAACr desconectado
# [-] dwH5_j8aDSZEMVoDAACt desconectado
# [-] lCZ2yomnOYxmbndnAACv desconectado
# [-] WTUB4S3uylJfTfEPAACx desconectado
# [+] nl9qggFjlMiaY_FpAACz conectado
# [+] xQuPgAFtBtZa9BLdAAC1 conectado
# [+] OBur929JfUFeaJ1nAAC3 conectado
# [+] HDXWT-DeTqJAXN8kAAC5 conectado
# [ROOM] Host_4 creó sala QR9VA
# [ROOM] Player_1 se unió a sala QR9VA
# [ROOM] Player_2 se unió a sala QR9VA
# [ROOM] Player_3 se unió a sala QR9VA
# [GAME] Partida iniciada en sala QR9VA
# [SABOTAGE] Player_3 saboteó zona cocina
# Subtest: TC-T1-24: Ability cooldown enforcement
ok 24 - TC-T1-24: Ability cooldown enforcement
  ---
  duration_ms: 4.194375
  type: 'test'
  ...
# [-] nl9qggFjlMiaY_FpAACz desconectado
# [-] xQuPgAFtBtZa9BLdAAC1 desconectado
# [-] OBur929JfUFeaJ1nAAC3 desconectado
# [-] HDXWT-DeTqJAXN8kAAC5 desconectado
# [+] rCi9kXblsEdG7UXEAAC7 conectado
# [+] YE403fQHzCv1YZPqAAC9 conectado
# [+] Uto2bHhHHv7jykgiAAC_ conectado
# [+] Kp2apsK2WG8O693BAADB conectado
# [ROOM] Host_4 creó sala ET3E4
# [ROOM] Player_1 se unió a sala ET3E4
# [ROOM] Player_2 se unió a sala ET3E4
# [ROOM] Player_3 se unió a sala ET3E4
# [GAME] Partida iniciada en sala ET3E4
# Subtest: TC-T1-25: Direct morale damage
ok 25 - TC-T1-25: Direct morale damage
  ---
  duration_ms: 3.570584
  type: 'test'
  ...
# [-] rCi9kXblsEdG7UXEAAC7 desconectado
# [-] YE403fQHzCv1YZPqAAC9 desconectado
# [-] Uto2bHhHHv7jykgiAAC_ desconectado
# [-] Kp2apsK2WG8O693BAADB desconectado
# [+] -68kEBPP2AkL7myEAADD conectado
# [+] LWyWLuW73iTzJFLnAADF conectado
# [+] FJc1gL7JMbL2h9kGAADH conectado
# [+] EyTqsP46exjmPD1LAADJ conectado
# [ROOM] Host_4 creó sala E5JWB
# [ROOM] Player_1 se unió a sala E5JWB
# [ROOM] Player_2 se unió a sala E5JWB
# [ROOM] Player_3 se unió a sala E5JWB
# [GAME] Partida iniciada en sala E5JWB
# Subtest: TC-T2-01: Lobby startup check
ok 26 - TC-T2-01: Lobby startup check
  ---
  duration_ms: 3.060208
  type: 'test'
  ...
# [-] -68kEBPP2AkL7myEAADD desconectado
# [-] LWyWLuW73iTzJFLnAADF desconectado
# [-] FJc1gL7JMbL2h9kGAADH desconectado
# [-] EyTqsP46exjmPD1LAADJ desconectado
# [+] 370H17YSn5MwuLVOAADL conectado
# [+] b7bHWv68xhtnYlLeAADN conectado
# [+] YKjWGaqYBvuypY36AADP conectado
# [ROOM] Host creó sala J369K
# [ROOM] Player_1 se unió a sala J369K
# [ROOM] Player_2 se unió a sala J369K
# Subtest: TC-T2-02: Start player validation
ok 27 - TC-T2-02: Start player validation
  ---
  duration_ms: 2.174333
  type: 'test'
  ...
# [-] 370H17YSn5MwuLVOAADL desconectado
# [-] b7bHWv68xhtnYlLeAADN desconectado
# [-] YKjWGaqYBvuypY36AADP desconectado
# [+] 1IZKVjm97asjCGjUAADR conectado
# [+] bfvD4_huno8cg1WIAADT conectado
# [+] fjRxcmdwftJoced_AADV conectado
# [+] J6v7CUruFDi3n8CbAADX conectado
# [ROOM] Host_4 creó sala BAE5T
# [ROOM] Player_1 se unió a sala BAE5T
# [ROOM] Player_2 se unió a sala BAE5T
# [ROOM] Player_3 se unió a sala BAE5T
# [GAME] Partida iniciada en sala BAE5T
# Subtest: TC-T2-03: Full meeting cycle
ok 28 - TC-T2-03: Full meeting cycle
  ---
  duration_ms: 75.065875
  type: 'test'
  ...
# [-] 1IZKVjm97asjCGjUAADR desconectado
# [-] bfvD4_huno8cg1WIAADT desconectado
# [-] fjRxcmdwftJoced_AADV desconectado
# [-] J6v7CUruFDi3n8CbAADX desconectado
# [+] 3zrYy8Y8aJelM59nAADZ conectado
# [+] 9CTSLl4bmiCF0XE6AADb conectado
# [+] vntV18GggXQIJdt1AADd conectado
# [+] T0f5WKL5IZe4tfNSAADf conectado
# [ROOM] Host_4 creó sala E35S4
# [ROOM] Player_1 se unió a sala E35S4
# [ROOM] Player_2 se unió a sala E35S4
# [ROOM] Player_3 se unió a sala E35S4
# [GAME] Partida iniciada en sala E35S4
# Subtest: TC-T2-05: Employee victory trigger
not ok 29 - TC-T2-05: Employee victory trigger
  ---
  duration_ms: 1007.531416
  type: 'test'
  location: '/Users/luisdeleon/AIWorkspace/games/ofichaos/tests/e2e.test.js:791:1'
  failureType: 'unhandledRejection'
  error: 'Timeout waiting for event: game:ended'
  code: 'ERR_TEST_FAILURE'
  stack: |-
    Timeout._onTimeout (/Users/luisdeleon/AIWorkspace/games/ofichaos/tests/e2e.test.js:148:14)
    listOnTimeout (node:internal/timers:585:17)
    process.processTimers (node:internal/timers:521:7)
  ...
# [+] TPiQjG0tm9LeoXz5AADh conectado
# [+] a5wt-S5XBl2s5U_yAADj conectado
# [+] Y_VEG9j6s0cPYcNtAADl conectado
# [+] nXBw0r9U62CwNkw0AADn conectado
# [+] nz97NT1u0VUBGXgSAADp conectado
# [ROOM] Host_5 creó sala 59497
# [ROOM] Player_1 se unió a sala 59497
# [ROOM] Player_2 se unió a sala 59497
# [ROOM] Player_3 se unió a sala 59497
# [ROOM] Player_4 se unió a sala 59497
# [GAME] Partida iniciada en sala 59497
# Subtest: TC-T2-07: Task blocking sabotage
ok 30 - TC-T2-07: Task blocking sabotage
  ---
  duration_ms: 9.547916
  type: 'test'
  ...
# [-] TPiQjG0tm9LeoXz5AADh desconectado
# [-] a5wt-S5XBl2s5U_yAADj desconectado
# [-] Y_VEG9j6s0cPYcNtAADl desconectado
# [-] nXBw0r9U62CwNkw0AADn desconectado
# [-] nz97NT1u0VUBGXgSAADp desconectado
# [+] d-dc_4CE2dJEEc0YAADr conectado
# [+] rrPGHJRITQ0kX_7lAADt conectado
# [+] dAbDCbJ--7GGbpCUAADv conectado
# [+] gbjc0dMqLKWYbYWLAADx conectado
# [ROOM] Host_4 creó sala FY77F
# [ROOM] Player_1 se unió a sala FY77F
# [ROOM] Player_2 se unió a sala FY77F
# [ROOM] Player_3 se unió a sala FY77F
# [GAME] Partida iniciada en sala FY77F
# Subtest: TC-T2-08: Reject double complete
not ok 31 - TC-T2-08: Reject double complete
  ---
  duration_ms: 1009.413792
  type: 'test'
  location: '/Users/luisdeleon/AIWorkspace/games/ofichaos/tests/e2e.test.js:839:1'
  failureType: 'testCodeFailure'
  error: 'Timeout waiting for event: task:completed'
  code: 'ERR_TEST_FAILURE'
  stack: |-
    Timeout._onTimeout (/Users/luisdeleon/AIWorkspace/games/ofichaos/tests/e2e.test.js:148:14)
    listOnTimeout (node:internal/timers:585:17)
    process.processTimers (node:internal/timers:521:7)
  ...
# [+] 4NnaZouYyyAySffzAADz conectado
# [+] Eys0VWuHboLFP4IYAAD1 conectado
# [+] cppIz7-pOsmiTTNbAAD3 conectado
# [+] iQSmh_s7aMfMGZh3AAD5 conectado
# [ROOM] Host_4 creó sala UD2NJ
# [ROOM] Player_1 se unió a sala UD2NJ
# [ROOM] Player_2 se unió a sala UD2NJ
# [ROOM] Player_3 se unió a sala UD2NJ
# [GAME] Partida iniciada en sala UD2NJ
# Subtest: TC-T2-09: Burnout state activation
ok 32 - TC-T2-09: Burnout state activation
  ---
  duration_ms: 107.781042
  type: 'test'
  ...
# [-] 4NnaZouYyyAySffzAADz desconectado
# [-] Eys0VWuHboLFP4IYAAD1 desconectado
# [-] cppIz7-pOsmiTTNbAAD3 desconectado
# [-] iQSmh_s7aMfMGZh3AAD5 desconectado
# [+] 83wEnYiM4vcx1lZFAAD7 conectado
# [+] gey4ULf_jNy7RT4eAAD9 conectado
# [+] TMpWbZEUQYfBEMsxAAD_ conectado
# [+] zZ3lgHMrOephMPtAAAEB conectado
# [ROOM] Host_4 creó sala GRKUP
# [ROOM] Player_1 se unió a sala GRKUP
# [ROOM] Player_2 se unió a sala GRKUP
# [ROOM] Player_3 se unió a sala GRKUP
# [GAME] Partida iniciada en sala GRKUP
# Subtest: TC-T2-10: Burnout movement penalty
ok 33 - TC-T2-10: Burnout movement penalty
  ---
  duration_ms: 109.605917
  type: 'test'
  ...
# [-] 83wEnYiM4vcx1lZFAAD7 desconectado
# [-] gey4ULf_jNy7RT4eAAD9 desconectado
# [-] TMpWbZEUQYfBEMsxAAD_ desconectado
# [-] zZ3lgHMrOephMPtAAAEB desconectado
# [+] Uq9CNp0C012d4FwaAAED conectado
# [+] FLDbAIfnFqKNSIpaAAEF conectado
# [+] Gy8qQvH5tA-FmcSkAAEH conectado
# [+] XqDqIMdzJWY-rBdGAAEJ conectado
# [ROOM] Host_4 creó sala J68G9
# [ROOM] Player_1 se unió a sala J68G9
# [ROOM] Player_2 se unió a sala J68G9
# [ROOM] Player_3 se unió a sala J68G9
# [GAME] Partida iniciada en sala J68G9
# Subtest: TC-T2-11: Burnout task lockout
ok 34 - TC-T2-11: Burnout task lockout
  ---
  duration_ms: 109.878709
  type: 'test'
  ...
# [-] Uq9CNp0C012d4FwaAAED desconectado
# [-] FLDbAIfnFqKNSIpaAAEF desconectado
# [-] Gy8qQvH5tA-FmcSkAAEH desconectado
# [-] XqDqIMdzJWY-rBdGAAEJ desconectado
# [+] YRBY09dMUDqySzSWAAEL conectado
# [+] iM6pg0zr5ZWAkO0RAAEN conectado
# [+] CaQ4sguNyWKsOTyXAAEP conectado
# [+] vgFOKIrY71k0AyceAAER conectado
# [ROOM] Host_4 creó sala 8CWRW
# [ROOM] Player_1 se unió a sala 8CWRW
# [ROOM] Player_2 se unió a sala 8CWRW
# [ROOM] Player_3 se unió a sala 8CWRW
# [GAME] Partida iniciada en sala 8CWRW
# Subtest: TC-T2-12: Burnout automatic recovery
ok 35 - TC-T2-12: Burnout automatic recovery
  ---
  duration_ms: 212.22275
  type: 'test'
  ...
# [-] YRBY09dMUDqySzSWAAEL desconectado
# [-] iM6pg0zr5ZWAkO0RAAEN desconectado
# [-] CaQ4sguNyWKsOTyXAAEP desconectado
# [-] vgFOKIrY71k0AyceAAER desconectado
# [+] Qof9F5O2Wjn-WvrqAAET conectado
# [+] UCACVRVA9W4NGjAeAAEV conectado
# [+] mYBqtQ-esB_IzjPjAAEX conectado
# [+] w-WzIqoddy7xEqXPAAEZ conectado
# [ROOM] Host_4 creó sala 6NSR8
# [ROOM] Player_1 se unió a sala 6NSR8
# [ROOM] Player_2 se unió a sala 6NSR8
# [ROOM] Player_3 se unió a sala 6NSR8
# [GAME] Partida iniciada en sala 6NSR8
# [GAME] Partida terminada en sala 6NSR8: jefe
# Subtest: TC-T2-13: Boss win by timeout
ok 36 - TC-T2-13: Boss win by timeout
  ---
  duration_ms: 14.484375
  type: 'test'
  ...
# [-] Qof9F5O2Wjn-WvrqAAET desconectado
# [-] UCACVRVA9W4NGjAeAAEV desconectado
# [-] mYBqtQ-esB_IzjPjAAEX desconectado
# [-] w-WzIqoddy7xEqXPAAEZ desconectado
# [+] DNuci-MRjjURgiO3AAEb conectado
# [+] jHggIiyoIfwvAGhAAAEd conectado
# [+] br_IGIsvbnBSrf21AAEf conectado
# [+] E05R1HRZLUpnp-0JAAEh conectado
# [ROOM] Host_4 creó sala 5TNBB
# [ROOM] Player_1 se unió a sala 5TNBB
# [ROOM] Player_2 se unió a sala 5TNBB
# [ROOM] Player_3 se unió a sala 5TNBB
# [GAME] Partida iniciada en sala 5TNBB
# [GAME] Partida terminada en sala 5TNBB: jefe
# Subtest: TC-T2-14: Boss win by burnout rate
ok 37 - TC-T2-14: Boss win by burnout rate
  ---
  duration_ms: 51.795583
  type: 'test'
  ...
# [-] DNuci-MRjjURgiO3AAEb desconectado
# [-] jHggIiyoIfwvAGhAAAEd desconectado
# [-] br_IGIsvbnBSrf21AAEf desconectado
# [-] E05R1HRZLUpnp-0JAAEh desconectado
# [+] WI93ACKuX5_F9dvZAAEj conectado
# [+] ICvXbtET0y_bskESAAEl conectado
# [+] VBes5r7gG9ONSUS_AAEn conectado
# [+] XbWzDkB9mubTujJ8AAEp conectado
# [+] y1kBHyNdHGGsBnmSAAEr conectado
# [ROOM] Host_5 creó sala C5HTA
# [ROOM] Player_1 se unió a sala C5HTA
# [ROOM] Player_2 se unió a sala C5HTA
# [ROOM] Player_3 se unió a sala C5HTA
# [ROOM] Player_4 se unió a sala C5HTA
# [GAME] Partida iniciada en sala C5HTA
# [GAME] Partida terminada en sala C5HTA: jefe
# Subtest: TC-T2-15: Lamebotas win condition
ok 38 - TC-T2-15: Lamebotas win condition
  ---
  duration_ms: 52.0615
  type: 'test'
  ...
# [-] WI93ACKuX5_F9dvZAAEj desconectado
# [-] ICvXbtET0y_bskESAAEl desconectado
# [-] VBes5r7gG9ONSUS_AAEn desconectado
# [-] XbWzDkB9mubTujJ8AAEp desconectado
# [-] y1kBHyNdHGGsBnmSAAEr desconectado
# [+] Cj4ieeXNjjmKPPxaAAEt conectado
# [+] UBzu8063kluoVFsPAAEv conectado
# [+] imx3xoO8jDIm9ld9AAEx conectado
# [+] HlXyI4Q61h4EQ-2fAAEz conectado
# [ROOM] Host_4 creó sala PPVQ7
# [ROOM] Player_1 se unió a sala PPVQ7
# [ROOM] Player_2 se unió a sala PPVQ7
# [ROOM] Player_3 se unió a sala PPVQ7
# [GAME] Partida iniciada en sala PPVQ7
# [DEBUG castVote] phase: voting, voter: Cj4ieeXNjjmKPPxaAAEt, target: skip, room players: [
#   'Cj4ieeXNjjmKPPxaAAEt',
#   'UBzu8063kluoVFsPAAEv',
#   'imx3xoO8jDIm9ld9AAEx',
#   'HlXyI4Q61h4EQ-2fAAEz'
# ]
# [DEBUG castVote] phase: voting, voter: UBzu8063kluoVFsPAAEv, target: skip, room players: [
#   'Cj4ieeXNjjmKPPxaAAEt',
#   'UBzu8063kluoVFsPAAEv',
#   'imx3xoO8jDIm9ld9AAEx',
#   'HlXyI4Q61h4EQ-2fAAEz'
# ]
# [DEBUG castVote] phase: voting, voter: imx3xoO8jDIm9ld9AAEx, target: skip, room players: [
#   'Cj4ieeXNjjmKPPxaAAEt',
#   'UBzu8063kluoVFsPAAEv',
#   'imx3xoO8jDIm9ld9AAEx',
#   'HlXyI4Q61h4EQ-2fAAEz'
# ]
# [DEBUG castVote] phase: voting, voter: HlXyI4Q61h4EQ-2fAAEz, target: skip, room players: [
#   'Cj4ieeXNjjmKPPxaAAEt',
#   'UBzu8063kluoVFsPAAEv',
#   'imx3xoO8jDIm9ld9AAEx',
#   'HlXyI4Q61h4EQ-2fAAEz'
# ]
# Subtest: TC-T2-16: Meeting skip resolution
ok 39 - TC-T2-16: Meeting skip resolution
  ---
  duration_ms: 103.150917
  type: 'test'
  ...
# [-] Cj4ieeXNjjmKPPxaAAEt desconectado
# [-] UBzu8063kluoVFsPAAEv desconectado
# [-] imx3xoO8jDIm9ld9AAEx desconectado
# [-] HlXyI4Q61h4EQ-2fAAEz desconectado
# [+] skYpy5q0LQ_1SYrHAAE1 conectado
# [+] bJvbCoD07BlkHL9lAAE3 conectado
# [+] 9ga_Av80KFBmlm58AAE5 conectado
# [+] ZFbuVkkmWCa-ZzdTAAE7 conectado
# [ROOM] Host_4 creó sala L3E47
# [ROOM] Player_1 se unió a sala L3E47
# [ROOM] Player_2 se unió a sala L3E47
# [ROOM] Player_3 se unió a sala L3E47
# [GAME] Partida iniciada en sala L3E47
# [DEBUG castVote] phase: voting, voter: skYpy5q0LQ_1SYrHAAE1, target: bJvbCoD07BlkHL9lAAE3, room players: [
#   'skYpy5q0LQ_1SYrHAAE1',
#   'bJvbCoD07BlkHL9lAAE3',
#   '9ga_Av80KFBmlm58AAE5',
#   'ZFbuVkkmWCa-ZzdTAAE7'
# ]
# [DEBUG castVote] phase: voting, voter: bJvbCoD07BlkHL9lAAE3, target: bJvbCoD07BlkHL9lAAE3, room players: [
#   'skYpy5q0LQ_1SYrHAAE1',
#   'bJvbCoD07BlkHL9lAAE3',
#   '9ga_Av80KFBmlm58AAE5',
#   'ZFbuVkkmWCa-ZzdTAAE7'
# ]
# [DEBUG castVote] phase: voting, voter: 9ga_Av80KFBmlm58AAE5, target: bJvbCoD07BlkHL9lAAE3, room players: [
#   'skYpy5q0LQ_1SYrHAAE1',
#   'bJvbCoD07BlkHL9lAAE3',
#   '9ga_Av80KFBmlm58AAE5',
#   'ZFbuVkkmWCa-ZzdTAAE7'
# ]
# [DEBUG castVote] phase: voting, voter: ZFbuVkkmWCa-ZzdTAAE7, target: bJvbCoD07BlkHL9lAAE3, room players: [
#   'skYpy5q0LQ_1SYrHAAE1',
#   'bJvbCoD07BlkHL9lAAE3',
#   '9ga_Av80KFBmlm58AAE5',
#   'ZFbuVkkmWCa-ZzdTAAE7'
# ]
# Subtest: TC-T2-17: Sanction 1: Ability Block
ok 40 - TC-T2-17: Sanction 1: Ability Block
  ---
  duration_ms: 103.319959
  type: 'test'
  ...
# [-] skYpy5q0LQ_1SYrHAAE1 desconectado
# [-] bJvbCoD07BlkHL9lAAE3 desconectado
# [-] 9ga_Av80KFBmlm58AAE5 desconectado
# [-] ZFbuVkkmWCa-ZzdTAAE7 desconectado
# [+] dx31K5AQqEr21OgyAAE9 conectado
# [+] nit8sq7GXzYiJ1nHAAE_ conectado
# [+] KM3iinZQu6Yz0kFVAAFB conectado
# [+] CyGqkBdoIIX4gepVAAFD conectado
# [ROOM] Host_4 creó sala HBR7Z
# [ROOM] Player_1 se unió a sala HBR7Z
# [ROOM] Player_2 se unió a sala HBR7Z
# [ROOM] Player_3 se unió a sala HBR7Z
# [GAME] Partida iniciada en sala HBR7Z
# [DEBUG castVote] phase: voting, voter: dx31K5AQqEr21OgyAAE9, target: nit8sq7GXzYiJ1nHAAE_, room players: [
#   'dx31K5AQqEr21OgyAAE9',
#   'nit8sq7GXzYiJ1nHAAE_',
#   'KM3iinZQu6Yz0kFVAAFB',
#   'CyGqkBdoIIX4gepVAAFD'
# ]
# [DEBUG castVote] phase: voting, voter: nit8sq7GXzYiJ1nHAAE_, target: nit8sq7GXzYiJ1nHAAE_, room players: [
#   'dx31K5AQqEr21OgyAAE9',
#   'nit8sq7GXzYiJ1nHAAE_',
#   'KM3iinZQu6Yz0kFVAAFB',
#   'CyGqkBdoIIX4gepVAAFD'
# ]
# [DEBUG castVote] phase: voting, voter: KM3iinZQu6Yz0kFVAAFB, target: nit8sq7GXzYiJ1nHAAE_, room players: [
#   'dx31K5AQqEr21OgyAAE9',
#   'nit8sq7GXzYiJ1nHAAE_',
#   'KM3iinZQu6Yz0kFVAAFB',
#   'CyGqkBdoIIX4gepVAAFD'
# ]
# [DEBUG castVote] phase: voting, voter: CyGqkBdoIIX4gepVAAFD, target: nit8sq7GXzYiJ1nHAAE_, room players: [
#   'dx31K5AQqEr21OgyAAE9',
#   'nit8sq7GXzYiJ1nHAAE_',
#   'KM3iinZQu6Yz0kFVAAFB',
#   'CyGqkBdoIIX4gepVAAFD'
# ]
# Subtest: TC-T2-18: Sanction 2: Suspension
ok 41 - TC-T2-18: Sanction 2: Suspension
  ---
  duration_ms: 100.639
  type: 'test'
  ...
# [-] dx31K5AQqEr21OgyAAE9 desconectado
# [-] nit8sq7GXzYiJ1nHAAE_ desconectado
# [-] KM3iinZQu6Yz0kFVAAFB desconectado
# [-] CyGqkBdoIIX4gepVAAFD desconectado
# [+] 0Jq8C4G260KGnk3XAAFF conectado
# [+] 1D1QbqDqU3cRtb2YAAFH conectado
# [+] tPAPf2232XMvAIFmAAFJ conectado
# [+] ENKl5BxCrtyqjt9qAAFL conectado
# [ROOM] Host_4 creó sala 783HC
# [ROOM] Player_1 se unió a sala 783HC
# [ROOM] Player_2 se unió a sala 783HC
# [ROOM] Player_3 se unió a sala 783HC
# [GAME] Partida iniciada en sala 783HC
# [DEBUG castVote] phase: voting, voter: 0Jq8C4G260KGnk3XAAFF, target: 1D1QbqDqU3cRtb2YAAFH, room players: [
#   '0Jq8C4G260KGnk3XAAFF',
#   '1D1QbqDqU3cRtb2YAAFH',
#   'tPAPf2232XMvAIFmAAFJ',
#   'ENKl5BxCrtyqjt9qAAFL'
# ]
# [DEBUG castVote] phase: voting, voter: 1D1QbqDqU3cRtb2YAAFH, target: 0Jq8C4G260KGnk3XAAFF, room players: [
#   '0Jq8C4G260KGnk3XAAFF',
#   '1D1QbqDqU3cRtb2YAAFH',
#   'tPAPf2232XMvAIFmAAFJ',
#   'ENKl5BxCrtyqjt9qAAFL'
# ]
# [DEBUG castVote] phase: voting, voter: tPAPf2232XMvAIFmAAFJ, target: 1D1QbqDqU3cRtb2YAAFH, room players: [
#   '0Jq8C4G260KGnk3XAAFF',
#   '1D1QbqDqU3cRtb2YAAFH',
#   'tPAPf2232XMvAIFmAAFJ',
#   'ENKl5BxCrtyqjt9qAAFL'
# ]
# [DEBUG castVote] phase: voting, voter: ENKl5BxCrtyqjt9qAAFL, target: 0Jq8C4G260KGnk3XAAFF, room players: [
#   '0Jq8C4G260KGnk3XAAFF',
#   '1D1QbqDqU3cRtb2YAAFH',
#   'tPAPf2232XMvAIFmAAFJ',
#   'ENKl5BxCrtyqjt9qAAFL'
# ]
# Subtest: TC-T2-19: Voting tie skip
ok 42 - TC-T2-19: Voting tie skip
  ---
  duration_ms: 104.331958
  type: 'test'
  ...
# [-] 0Jq8C4G260KGnk3XAAFF desconectado
# [-] 1D1QbqDqU3cRtb2YAAFH desconectado
# [-] tPAPf2232XMvAIFmAAFJ desconectado
# [-] ENKl5BxCrtyqjt9qAAFL desconectado
# [+] EdrrLAyL-dypIQc8AAFN conectado
# [+] E89lYGDY_NA-bxw9AAFP conectado
# [+] eeOIDLHkWWVaM4naAAFR conectado
# [+] of1vbfTpfb7dIiCDAAFT conectado
# [+] svhEh4jFm5ikQ5JBAAFV conectado
# [ROOM] Host_5 creó sala H7B38
# [ROOM] Player_1 se unió a sala H7B38
# [ROOM] Player_2 se unió a sala H7B38
# [ROOM] Player_3 se unió a sala H7B38
# [ROOM] Player_4 se unió a sala H7B38
# [GAME] Partida iniciada en sala H7B38
# Subtest: TC-T2-20: Lamebotas fake task morale
ok 43 - TC-T2-20: Lamebotas fake task morale
  ---
  duration_ms: 7.349
  type: 'test'
  ...
# [-] EdrrLAyL-dypIQc8AAFN desconectado
# [-] E89lYGDY_NA-bxw9AAFP desconectado
# [-] eeOIDLHkWWVaM4naAAFR desconectado
# [-] of1vbfTpfb7dIiCDAAFT desconectado
# [-] svhEh4jFm5ikQ5JBAAFV desconectado
# [+] F4gMTL6zvHDI1azvAAFX conectado
# [+] 8EErOxlaed7jjjeTAAFZ conectado
# [+] T8Ee0BelrwiomXIgAAFb conectado
# [+] YNPwIFq2qvJd44BZAAFd conectado
# [+] QNTODCy_rCwdB2MTAAFf conectado
# [ROOM] Host_5 creó sala RL9T3
# [ROOM] Player_1 se unió a sala RL9T3
# [ROOM] Player_2 se unió a sala RL9T3
# [ROOM] Player_3 se unió a sala RL9T3
# [ROOM] Player_4 se unió a sala RL9T3
# [GAME] Partida iniciada en sala RL9T3
# Subtest: TC-T2-21: Lamebotas false report
ok 44 - TC-T2-21: Lamebotas false report
  ---
  duration_ms: 6.809708
  type: 'test'
  ...
# [-] F4gMTL6zvHDI1azvAAFX desconectado
# [-] 8EErOxlaed7jjjeTAAFZ desconectado
# [-] T8Ee0BelrwiomXIgAAFb desconectado
# [-] YNPwIFq2qvJd44BZAAFd desconectado
# [-] QNTODCy_rCwdB2MTAAFf desconectado
# [+] 92rYBbWS3coG1YkzAAFh conectado
# [+] DzkBtOy2zcW9KgyAAAFj conectado
# [+] Rxt9vxLxAuxiKutjAAFl conectado
# [+] 6hCs3_X04UinTjTPAAFn conectado
# [ROOM] Host_4 creó sala Q5CP9
# [ROOM] Player_1 se unió a sala Q5CP9
# [ROOM] Player_2 se unió a sala Q5CP9
# [ROOM] Player_3 se unió a sala Q5CP9
# [GAME] Partida iniciada en sala Q5CP9
# [SABOTAGE] Host_4 saboteó zona cocina
# Subtest: TC-T2-22: Zone sabotage morale loss
ok 45 - TC-T2-22: Zone sabotage morale loss
  ---
  duration_ms: 6.191667
  type: 'test'
  ...
# [-] 92rYBbWS3coG1YkzAAFh desconectado
# [-] DzkBtOy2zcW9KgyAAAFj desconectado
# [-] Rxt9vxLxAuxiKutjAAFl desconectado
# [-] 6hCs3_X04UinTjTPAAFn desconectado
# [+] ah6XYUefAzoZtwg1AAFp conectado
# [+] MS_nwiViICye3p3vAAFr conectado
# [+] ipObHEo1tRkN6wmxAAFt conectado
# [+] kd8gfjJ1V4KWYGEkAAFv conectado
# [ROOM] Host_4 creó sala NZUXH
# [ROOM] Player_1 se unió a sala NZUXH
# [ROOM] Player_2 se unió a sala NZUXH
# [ROOM] Player_3 se unió a sala NZUXH
# [GAME] Partida iniciada en sala NZUXH
# Subtest: TC-T2-23: Door lockout expiration
ok 46 - TC-T2-23: Door lockout expiration
  ---
  duration_ms: 107.855416
  type: 'test'
  ...
# [-] ah6XYUefAzoZtwg1AAFp desconectado
# [-] MS_nwiViICye3p3vAAFr desconectado
# [-] ipObHEo1tRkN6wmxAAFt desconectado
# [-] kd8gfjJ1V4KWYGEkAAFv desconectado
# [+] 7ufVkaaLx10We8AXAAFx conectado
# [+] yHutyTLB0z_QkH68AAFz conectado
# [+] faFD4u0yVKGjsJkQAAF1 conectado
# [+] PNCtkrd-qy-muF1xAAF3 conectado
# [ROOM] Host_4 creó sala QR2KH
# [ROOM] Player_1 se unió a sala QR2KH
# [ROOM] Player_2 se unió a sala QR2KH
# [ROOM] Player_3 se unió a sala QR2KH
# [GAME] Partida iniciada en sala QR2KH
# [SABOTAGE] Host_4 saboteó zona cocina
# (node:13070) [MODULE_TYPELESS_PACKAGE_JSON] Warning: Module type of file:///Users/luisdeleon/AIWorkspace/games/ofichaos/client/src/systems/ui.js is not specified and it doesn't parse as CommonJS.
# Reparsing as ES module because module syntax was detected. This incurs a performance overhead.
# To eliminate this warning, add "type": "module" to /Users/luisdeleon/AIWorkspace/games/ofichaos/package.json.
# (Use `node --trace-warnings ...` to show where the warning was created)
# Subtest: TC-T2-24: Report sabotage action
ok 47 - TC-T2-24: Report sabotage action
  ---
  duration_ms: 8.652125
  type: 'test'
  ...
# Subtest: TC-T3-01: HUD responsive adjustments layout math
ok 48 - TC-T3-01: HUD responsive adjustments layout math
  ---
  duration_ms: 5.485333
  type: 'test'
  ...
# Subtest: TC-T3-03: Interactive task overlays panel verification
ok 49 - TC-T3-03: Interactive task overlays panel verification
  ---
  duration_ms: 1.192875
  type: 'test'
  ...
# [-] 7ufVkaaLx10We8AXAAFx desconectado
# [-] yHutyTLB0z_QkH68AAFz desconectado
# [-] faFD4u0yVKGjsJkQAAF1 desconectado
# [-] PNCtkrd-qy-muF1xAAF3 desconectado
# [+] 4Ncu_8mSj-0yNmhRAAF5 conectado
# [+] NWJyyhl0gQGT-AlOAAF7 conectado
# [+] g45YX2iSs8c8kHZBAAF9 conectado
# [+] -ooCZi74NhMCY7BsAAF_ conectado
# [ROOM] Host_4 creó sala DSBRW
# [ROOM] Player_1 se unió a sala DSBRW
# [ROOM] Player_2 se unió a sala DSBRW
# [ROOM] Player_3 se unió a sala DSBRW
# [GAME] Partida iniciada en sala DSBRW
# [-] 4Ncu_8mSj-0yNmhRAAF5 desconectado
# Subtest: TC-T4-01: Mid-game host migration
ok 50 - TC-T4-01: Mid-game host migration
  ---
  duration_ms: 5.661083
  type: 'test'
  ...
# [-] NWJyyhl0gQGT-AlOAAF7 desconectado
# [-] g45YX2iSs8c8kHZBAAF9 desconectado
# [-] -ooCZi74NhMCY7BsAAF_ desconectado
# [+] oi384JRUEqFlFtuxAAGB conectado
# [+] IkIHC9lPvirknE-YAAGD conectado
# [+] DGeHeO5op8f8kIUvAAGF conectado
# [+] U_jUmkdC1yXwGAewAAGH conectado
# [ROOM] Host_4 creó sala F8GU3
# [ROOM] Player_1 se unió a sala F8GU3
# [ROOM] Player_2 se unió a sala F8GU3
# [ROOM] Player_3 se unió a sala F8GU3
# [GAME] Partida iniciada en sala F8GU3
# [Anti-Cheat] Movimiento rechazado para Host_4. Distancia: 1220.7, Máx permitida: 15.0, dt: 0.000s
# Subtest: TC-T4-02: Anti-Cheat: Speed checking (Velocity limit)
ok 51 - TC-T4-02: Anti-Cheat: Speed checking (Velocity limit)
  ---
  duration_ms: 107.699584
  type: 'test'
  ...
# [-] oi384JRUEqFlFtuxAAGB desconectado
# [-] IkIHC9lPvirknE-YAAGD desconectado
# [-] DGeHeO5op8f8kIUvAAGF desconectado
# [-] U_jUmkdC1yXwGAewAAGH desconectado
# [+] pKC0mrUQs8M0Txu2AAGJ conectado
# [+] wEzl97PeSxC4GGk4AAGL conectado
# [+] XQShJZ2R7aG4ir6wAAGN conectado
# [+] V39VncObpu-XfZDDAAGP conectado
# [ROOM] Host_4 creó sala 3L32T
# [ROOM] Player_1 se unió a sala 3L32T
# [ROOM] Player_2 se unió a sala 3L32T
# [ROOM] Player_3 se unió a sala 3L32T
# [GAME] Partida iniciada en sala 3L32T
# Subtest: TC-T4-05: Anti-Cheat: Task distance validation
ok 52 - TC-T4-05: Anti-Cheat: Task distance validation
  ---
  duration_ms: 9.360583
  type: 'test'
  ...
# [-] pKC0mrUQs8M0Txu2AAGJ desconectado
# [-] wEzl97PeSxC4GGk4AAGL desconectado
# [-] XQShJZ2R7aG4ir6wAAGN desconectado
# [-] V39VncObpu-XfZDDAAGP desconectado
# [+] anml_Aa_V81FOGVvAAGR conectado
# [+] jjvMSaEh9hGIV78pAAGT conectado
# [+] Rup6dTmyvm7HiGLMAAGV conectado
# [+] 6mBTwK45SrZwiUZnAAGX conectado
# [ROOM] Host_4 creó sala YZ8XM
# [ROOM] Player_1 se unió a sala YZ8XM
# [ROOM] Player_2 se unió a sala YZ8XM
# [ROOM] Player_3 se unió a sala YZ8XM
# [GAME] Partida iniciada en sala YZ8XM
# Subtest: TC-T4-04: Sanctions enforcement: movement lock & ability block
ok 53 - TC-T4-04: Sanctions enforcement: movement lock & ability block
  ---
  duration_ms: 107.184084
  type: 'test'
  ...
# [-] anml_Aa_V81FOGVvAAGR desconectado
# [-] jjvMSaEh9hGIV78pAAGT desconectado
# [-] Rup6dTmyvm7HiGLMAAGV desconectado
# [-] 6mBTwK45SrZwiUZnAAGX desconectado
# [+] NjALiHBIWAL0-_zaAAGZ conectado
# [+] 8sBxLH7sEJFVYD0TAAGb conectado
# [+] 6_Cs8df7NxEGmgHbAAGd conectado
# [+] AI92CmxVT7JBWueGAAGf conectado
# [ROOM] Host_4 creó sala S36WK
# [ROOM] Player_1 se unió a sala S36WK
# [ROOM] Player_2 se unió a sala S36WK
# [ROOM] Player_3 se unió a sala S36WK
# [GAME] Partida iniciada en sala S36WK
# Subtest: TC-T5-01: Invalid coordinates (NaN, strings, objects) in player:move
ok 54 - TC-T5-01: Invalid coordinates (NaN, strings, objects) in player:move
  ---
  duration_ms: 308.685333
  type: 'test'
  ...
# [-] NjALiHBIWAL0-_zaAAGZ desconectado
# [-] 8sBxLH7sEJFVYD0TAAGb desconectado
# [-] 6_Cs8df7NxEGmgHbAAGd desconectado
# [-] AI92CmxVT7JBWueGAAGf desconectado
# [+] NktEycZKQfoU1bHFAAGh conectado
# [+] pUZX7Kb87ZnrtHHxAAGj conectado
# [+] QCj67R48o1KWMrlmAAGl conectado
# [+] k3rDNYFIwe6KX-adAAGn conectado
# [ROOM] Host_4 creó sala 3F42E
# [ROOM] Player_1 se unió a sala 3F42E
# [ROOM] Player_2 se unió a sala 3F42E
# [ROOM] Player_3 se unió a sala 3F42E
# [GAME] Partida iniciada en sala 3F42E
# Subtest: TC-T5-02: Complete task with invalid state or non-existent taskId
ok 55 - TC-T5-02: Complete task with invalid state or non-existent taskId
  ---
  duration_ms: 110.459958
  type: 'test'
  ...
# [-] NktEycZKQfoU1bHFAAGh desconectado
# [-] pUZX7Kb87ZnrtHHxAAGj desconectado
# [-] QCj67R48o1KWMrlmAAGl desconectado
# [-] k3rDNYFIwe6KX-adAAGn desconectado
# [+] f1YNoS5UncErbh6qAAGp conectado
# [+] zVIRd-fTqmA4FUqtAAGr conectado
# [+] n2F8ks69XnpkOO4oAAGt conectado
# [+] H-xUEdylaj0L0jh-AAGv conectado
# [ROOM] Host_4 creó sala EPSZR
# [ROOM] Player_1 se unió a sala EPSZR
# [ROOM] Player_2 se unió a sala EPSZR
# [ROOM] Player_3 se unió a sala EPSZR
# [GAME] Partida iniciada en sala EPSZR
# Subtest: TC-T5-03: Unauthorized sabotage attempts
ok 56 - TC-T5-03: Unauthorized sabotage attempts
  ---
  duration_ms: 214.265708
  type: 'test'
  ...
# [-] f1YNoS5UncErbh6qAAGp desconectado
# [-] zVIRd-fTqmA4FUqtAAGr desconectado
# [-] n2F8ks69XnpkOO4oAAGt desconectado
# [-] H-xUEdylaj0L0jh-AAGv desconectado
# [+] JWr7Yxue8Q0zRO0UAAGx conectado
# [+] 8fW_Fr6HXSSBgBZsAAGz conectado
# [+] BPeboB6U9OqO7COhAAG1 conectado
# [+] Bk-r3FwIvHgHf86kAAG3 conectado
# [ROOM] Host_4 creó sala 5QVCP
# [ROOM] Player_1 se unió a sala 5QVCP
# [ROOM] Player_2 se unió a sala 5QVCP
# [ROOM] Player_3 se unió a sala 5QVCP
# [GAME] Partida iniciada en sala 5QVCP
# [DEBUG castVote] phase: playing, voter: JWr7Yxue8Q0zRO0UAAGx, target: JWr7Yxue8Q0zRO0UAAGx, room players: [
#   'JWr7Yxue8Q0zRO0UAAGx',
#   '8fW_Fr6HXSSBgBZsAAGz',
#   'BPeboB6U9OqO7COhAAG1',
#   'Bk-r3FwIvHgHf86kAAG3'
# ]
# [DEBUG castVote] Failed because phase is not voting (phase is playing)
# [DEBUG castVote] phase: voting, voter: JWr7Yxue8Q0zRO0UAAGx, target: fake_player_id, room players: [
#   'JWr7Yxue8Q0zRO0UAAGx',
#   '8fW_Fr6HXSSBgBZsAAGz',
#   'BPeboB6U9OqO7COhAAG1',
#   'Bk-r3FwIvHgHf86kAAG3'
# ]
# [DEBUG castVote] Failed because target is not skip and not a valid player
# Subtest: TC-T5-04: Invalid voting targets and votes outside voting phase
ok 57 - TC-T5-04: Invalid voting targets and votes outside voting phase
  ---
  duration_ms: 108.029084
  type: 'test'
  ...
# [-] JWr7Yxue8Q0zRO0UAAGx desconectado
# [-] 8fW_Fr6HXSSBgBZsAAGz desconectado
# [-] BPeboB6U9OqO7COhAAG1 desconectado
# [-] Bk-r3FwIvHgHf86kAAG3 desconectado
# [+] nrahgXnKZvBvzq7ZAAG5 conectado
# [+] blfvoVqLo2CbjOBWAAG7 conectado
# [+] ZtUIPupoSzGcTy_SAAG9 conectado
# [+] p2_lG-iruXEKeq4_AAG_ conectado
# [ROOM] Host_4 creó sala GGW5U
# [ROOM] Player_1 se unió a sala GGW5U
# [ROOM] Player_2 se unió a sala GGW5U
# [ROOM] Player_3 se unió a sala GGW5U
# [GAME] Partida iniciada en sala GGW5U
# [-] blfvoVqLo2CbjOBWAAG7 desconectado
# [DEBUG castVote] phase: voting, voter: nrahgXnKZvBvzq7ZAAG5, target: ZtUIPupoSzGcTy_SAAG9, room players: [
#   'nrahgXnKZvBvzq7ZAAG5',
#   'ZtUIPupoSzGcTy_SAAG9',
#   'p2_lG-iruXEKeq4_AAG_'
# ]
# Subtest: TC-T5-05: Disconnections during active meeting and voting phases
ok 58 - TC-T5-05: Disconnections during active meeting and voting phases
  ---
  duration_ms: 109.445542
  type: 'test'
  ...
# [-] nrahgXnKZvBvzq7ZAAG5 desconectado
# [-] ZtUIPupoSzGcTy_SAAG9 desconectado
# [-] p2_lG-iruXEKeq4_AAG_ desconectado
# [+] 5jM6A50XdB7p3uBnAAHB conectado
# [+] n8TbJQwwPUmpWj3FAAHD conectado
# [+] z4cszShR_MW2Az1JAAHF conectado
# [+] kdiSwE2vvxcyv7_6AAHH conectado
# [ROOM] Host creó sala 2D75K
# [ROOM] Player_1 se unió a sala 2D75K
# [ROOM] Player_2 se unió a sala 2D75K
# [ROOM] Player_3 se unió a sala 2D75K
# [-] kdiSwE2vvxcyv7_6AAHH desconectado
# Subtest: TC-T5-06: Lobby start game check with unready and disconnected players
ok 59 - TC-T5-06: Lobby start game check with unready and disconnected players
  ---
  duration_ms: 108.111209
  type: 'test'
  ...
# [-] 5jM6A50XdB7p3uBnAAHB desconectado
# [-] n8TbJQwwPUmpWj3FAAHD desconectado
# [-] z4cszShR_MW2Az1JAAHF desconectado
# [+] rZPelosUyhodcAmJAAHJ conectado
# [+] CTAhBGuo-XD5MjvcAAHL conectado
# [+] DVMtCT8q5YX-DmLIAAHN conectado
# [+] THW5VLdQNc_U5u9XAAHP conectado
# [ROOM] Host creó sala 4QR9J
# [ROOM] Player_1 se unió a sala 4QR9J
# [ROOM] Player_2 se unió a sala 4QR9J
# [ROOM] Player_3 se unió a sala 4QR9J
# [GAME] Partida iniciada en sala 4QR9J
# [SABOTAGE] Player_3 saboteó zona cocina
# Subtest: TC-T5-07: Cooldown manipulation and pre-game ability usage
ok 60 - TC-T5-07: Cooldown manipulation and pre-game ability usage
  ---
  duration_ms: 161.695667
  type: 'test'
  ...
# [-] rZPelosUyhodcAmJAAHJ desconectado
# [-] CTAhBGuo-XD5MjvcAAHL desconectado
# [-] DVMtCT8q5YX-DmLIAAHN desconectado
# [-] THW5VLdQNc_U5u9XAAHP desconectado
# [+] DYqnH8pKw-Q_MKPJAAHR conectado
# [+] QadegQi-oSDJjRi3AAHT conectado
# [+] -7sonL2NHZK5Bt14AAHV conectado
# [ROOM] Alice creó sala UCYFL
# [ROOM] Bob se unió a sala UCYFL
# [ROOM] Bob se unió a sala UCYFL
# [ROOM] Bob creó sala X9KC7
# Subtest: TC-T5-08: Double-joins, duplicate names, and room jumping (ghost players)
ok 61 - TC-T5-08: Double-joins, duplicate names, and room jumping (ghost players)
  ---
  duration_ms: 2.3965
  type: 'test'
  ...
# [-] DYqnH8pKw-Q_MKPJAAHR desconectado
# [-] QadegQi-oSDJjRi3AAHT desconectado
# [-] -7sonL2NHZK5Bt14AAHV desconectado
# [+] U1MTvs1w-25waxa6AAHX conectado
# [+] iYgH4cx45TqBd1x6AAHZ conectado
# [+] aEwUdNFtUBmhS9T3AAHb conectado
# [+] xWj7IGMsC5dLt0YHAAHd conectado
# [ROOM] Host_4 creó sala 32LXY
# [ROOM] Player_1 se unió a sala 32LXY
# [ROOM] Player_2 se unió a sala 32LXY
# [ROOM] Player_3 se unió a sala 32LXY
# [GAME] Partida iniciada en sala 32LXY
# Subtest: TC-T5-09: Sanctions enforcement: first sanction (ability block) and player coordinate validation
ok 62 - TC-T5-09: Sanctions enforcement: first sanction (ability block) and player coordinate validation
  ---
  duration_ms: 2.205792
  type: 'test'
  ...
# [-] U1MTvs1w-25waxa6AAHX desconectado
# [-] iYgH4cx45TqBd1x6AAHZ desconectado
# [-] aEwUdNFtUBmhS9T3AAHb desconectado
# [-] xWj7IGMsC5dLt0YHAAHd desconectado
# [+] 8Hm-NE0F13MwrPK8AAHf conectado
# [+] rNamtaoAP7dJjVYyAAHh conectado
# [+] 9Qv4wDZ8xeLczuPbAAHj conectado
# [+] 6MMo8xFubfAH5GLPAAHl conectado
# [ROOM] Host_4 creó sala 3NPHR
# [ROOM] Player_1 se unió a sala 3NPHR
# [ROOM] Player_2 se unió a sala 3NPHR
# [ROOM] Player_3 se unió a sala 3NPHR
# [GAME] Partida iniciada en sala 3NPHR
# Subtest: TC-T5-10: Client role spoofing: jefe/lamebotas completing tasks
ok 63 - TC-T5-10: Client role spoofing: jefe/lamebotas completing tasks
  ---
  duration_ms: 2.377583
  type: 'test'
  ...
# [-] 8Hm-NE0F13MwrPK8AAHf desconectado
# [-] rNamtaoAP7dJjVYyAAHh desconectado
# [-] 9Qv4wDZ8xeLczuPbAAHj desconectado
# [-] 6MMo8xFubfAH5GLPAAHl desconectado
# [+] zcMhyFCUv7z8M_G1AAHn conectado
# [+] 01enMsfDwAso5ZN6AAHp conectado
# [+] 4iyQOws7SFdduhXvAAHr conectado
# [+] Js0IsG7iyJXDM69HAAHt conectado
# [ROOM] Host_4 creó sala YWNFM
# [ROOM] Player_1 se unió a sala YWNFM
# [ROOM] Player_2 se unió a sala YWNFM
# [ROOM] Player_3 se unió a sala YWNFM
# [GAME] Partida iniciada en sala YWNFM
# Subtest: TC-T5-11: Sanction limit loops and chat spam length overflow
ok 64 - TC-T5-11: Sanction limit loops and chat spam length overflow
  ---
  duration_ms: 2.001542
  type: 'test'
  ...
# [-] zcMhyFCUv7z8M_G1AAHn desconectado
# [-] 01enMsfDwAso5ZN6AAHp desconectado
# [-] 4iyQOws7SFdduhXvAAHr desconectado
# [-] Js0IsG7iyJXDM69HAAHt desconectado
1..64
# tests 64
# suites 0
# pass 62
# fail 2
# cancelled 0
# skipped 0
# todo 0
# duration_ms 5289.829083
